2026-04-05 19:49:23,673 - INFO - Starting extraction job 87e87765-3c28-45a6-a290-7e2eaebb61d8 | params: {'from_date': '20250401', 'to_date': '20260331', 'port': 9000, 'out_dir': './tally_out', 'retries': 3, 'timeout': 60, 'export_dims': [], 'export_facts': []}
2026-04-05 19:49:23,673 - INFO - Fetching 'APIRawVouchers' from Tally for period 20250401 → 20260331
2026-04-05 19:49:23,674 - INFO - Attempt 1/3 …
2026-04-05 19:49:24,550 - INFO - ✅ Received 8,489,029 bytes from Tally
2026-04-05 19:57:22,756 - INFO - Starting extraction job 307fbbf9-ba1c-471d-815a-8432c0c0c36f | params: {'from_date': '20250401', 'to_date': '20260331', 'port': 9000, 'out_dir': '/home/mayur/Documents/Github/Tally Extractor', 'retries': 3, 'timeout': 60, 'export_dims': [], 'export_facts': []}
2026-04-05 19:57:22,757 - INFO - Fetching 'APIRawVouchers' from Tally for period 20250401 → 20260331
2026-04-05 19:57:22,757 - INFO - Attempt 1/3 …
2026-04-05 19:57:22,759 - ERROR - Connection error on attempt 1: HTTPConnectionPool(host='localhost', port=9000): Max retries exceeded with url: / (Caused by NewConnectionError("HTTPConnection(host='localhost', port=9000): Failed to establish a new connection: [Errno 111] Connection refused"))
2026-04-05 19:57:22,759 - INFO - Retrying in 1s …
2026-04-05 19:57:23,760 - INFO - Attempt 2/3 …
2026-04-05 19:57:23,761 - ERROR - Connection error on attempt 2: HTTPConnectionPool(host='localhost', port=9000): Max retries exceeded with url: / (Caused by NewConnectionError("HTTPConnection(host='localhost', port=9000): Failed to establish a new connection: [Errno 111] Connection refused"))
2026-04-05 19:57:23,761 - INFO - Retrying in 2s …
2026-04-05 19:57:25,761 - INFO - Attempt 3/3 …
2026-04-05 19:57:25,762 - ERROR - Connection error on attempt 3: HTTPConnectionPool(host='localhost', port=9000): Max retries exceeded with url: / (Caused by NewConnectionError("HTTPConnection(host='localhost', port=9000): Failed to establish a new connection: [Errno 111] Connection refused"))
2026-04-05 19:57:25,762 - ERROR - Max retries exceeded. Verify:
2026-04-05 19:57:25,762 - ERROR -   1. Tally ERP is running
2026-04-05 19:57:25,762 - ERROR -   2. TDL report 'APIRawVouchers' is loaded
2026-04-05 19:57:25,762 - ERROR -   3. Tally HTTP service is enabled (Gateway → HTTP)
2026-04-05 19:57:25,762 - ERROR -   4. Port 9000 is accessible
2026-04-05 19:57:25,762 - ERROR - Extraction job 307fbbf9-ba1c-471d-815a-8432c0c0c36f failed
Traceback (most recent call last):
  File "/home/mayur/Documents/Github/Tally Extractor/tally_web/backend/pipeline_runner.py", line 99, in run_extraction
    raise RuntimeError(
    ...<2 lines>...
    )
RuntimeError: Failed to fetch data from Tally. Verify Tally is running and the TDL report 'APIRawVouchers' is loaded.
2026-04-05 20:45:19,007 - INFO - Starting extraction job 95a41593-c53f-4ff7-81e8-05809dee6ae5 | params: {'from_date': '20250401', 'to_date': '20260331', 'port': 9000, 'out_dir': '/home/mayur/Documents/Github/Tally Extractor', 'retries': 3, 'timeout': 60, 'export_dims': [], 'export_facts': []}
2026-04-05 20:45:19,007 - INFO - Fetching 'APIRawVouchers' from Tally for period 20250401 → 20260331
2026-04-05 20:45:19,007 - INFO - Attempt 1/3 …
2026-04-05 20:45:19,012 - INFO - ✅ Received 100 bytes from Tally
2026-04-05 20:45:46,607 - INFO - Starting extraction job e04f0c21-8492-442f-8f9f-d543cf843070 | params: {'from_date': '20250401', 'to_date': '20260331', 'port': 9000, 'out_dir': '/home/mayur/Documents/Github', 'retries': 3, 'timeout': 60, 'export_dims': [], 'export_facts': []}
2026-04-05 20:45:46,607 - INFO - Fetching 'APIRawVouchers' from Tally for period 20250401 → 20260331
2026-04-05 20:45:46,607 - INFO - Attempt 1/3 …
2026-04-05 20:45:46,610 - INFO - ✅ Received 100 bytes from Tally
2026-04-05 20:51:17,946 - INFO - Starting extraction job 81161753-022b-4398-9468-0107e46e5df1 | params: {'from_date': '20250401', 'to_date': '20260331', 'port': 9000, 'out_dir': '/home/mayur/Documents/Github', 'retries': 3, 'timeout': 60, 'export_dims': [], 'export_facts': []}
2026-04-05 20:51:17,946 - INFO - Fetching 'APIRawVouchers' from Tally for period 20250401 → 20260331
2026-04-05 20:51:17,947 - INFO - Attempt 1/3 …
2026-04-05 20:52:17,961 - ERROR - Timeout on attempt 1 (timeout=60s): HTTPConnectionPool(host='localhost', port=9000): Read timed out. (read timeout=60)
2026-04-05 20:52:17,961 - INFO - Retrying in 1s …
2026-04-05 20:52:18,961 - INFO - Attempt 2/3 …
2026-04-05 20:53:19,011 - ERROR - Timeout on attempt 2 (timeout=60s): HTTPConnectionPool(host='localhost', port=9000): Read timed out. (read timeout=60)
2026-04-05 20:53:19,011 - INFO - Retrying in 2s …
2026-04-05 20:53:21,011 - INFO - Attempt 3/3 …
2026-04-05 20:54:21,072 - ERROR - Timeout on attempt 3 (timeout=60s): HTTPConnectionPool(host='localhost', port=9000): Read timed out. (read timeout=60)
2026-04-05 20:54:21,072 - ERROR - Max retries exceeded. Consider increasing --timeout.
2026-04-05 20:54:21,072 - ERROR - Extraction job 81161753-022b-4398-9468-0107e46e5df1 failed
Traceback (most recent call last):
  File "/home/mayur/Documents/Github/Tally Extractor/tally_web/backend/pipeline_runner.py", line 99, in run_extraction
    raise RuntimeError(
    ...<2 lines>...
    )
RuntimeError: Failed to fetch data from Tally. Verify Tally is running and the TDL report 'APIRawVouchers' is loaded.
2026-04-05 21:06:25,781 - INFO - Starting extraction job 8708032c-f99f-4afa-9f33-e0b5fa099744 | params: {'from_date': '20250401', 'to_date': '20260331', 'port': 9000, 'out_dir': '/home/mayur/Documents/Github', 'retries': 3, 'timeout': 60, 'export_dims': [], 'export_facts': []}
2026-04-05 21:06:25,781 - INFO - Fetching 'APIRawVouchers' from Tally for period 20250401 → 20260331
2026-04-05 21:06:25,782 - INFO - Attempt 1/3 …
2026-04-05 21:06:25,993 - INFO - ✅ Received 9,992 bytes from Tally
2026-04-05 21:21:33,384 - INFO - Starting extraction job 6f79b614-0d58-4508-aa33-3a2144878927 | params: {'from_date': '20250401', 'to_date': '20260331', 'port': 9000, 'out_dir': './tally_out', 'retries': 3, 'timeout': 60, 'export_dims': [], 'export_facts': []}
2026-04-05 21:21:33,384 - INFO - Fetching 'APIRawVouchers' from Tally for period 20250401 → 20260331
2026-04-05 21:21:33,385 - INFO - Attempt 1/3 …
2026-04-05 21:21:34,234 - INFO - ✅ Received 8,489,029 bytes from Tally
2026-04-05 21:23:09,001 - INFO - Starting extraction job aa41b696-2d25-4593-8704-2a0b083010f5 | params: {'from_date': '20250401', 'to_date': '20260331', 'port': 9000, 'out_dir': '/home/mayur/Documents/Github/Tally Extractor', 'retries': 3, 'timeout': 60, 'export_dims': [], 'export_facts': []}
2026-04-05 21:23:09,002 - INFO - Fetching 'APIRawVouchers' from Tally for period 20250401 → 20260331
2026-04-05 21:23:09,002 - INFO - Attempt 1/3 …
2026-04-05 21:23:09,884 - INFO - ✅ Received 8,489,029 bytes from Tally
2026-04-05 21:24:28,917 - INFO - Starting extraction job 034c199a-7011-428b-ba75-85da223586b7 | params: {'from_date': '20250401', 'to_date': '20260331', 'port': 9000, 'out_dir': '/home/mayur/Documents/Github/Tally Extractor', 'retries': 3, 'timeout': 60, 'export_dims': [], 'export_facts': []}
2026-04-05 21:24:28,918 - INFO - Fetching 'APIRawVouchers' from Tally for period 20250401 → 20260331
2026-04-05 21:24:28,918 - INFO - Attempt 1/3 …
2026-04-05 21:24:29,753 - INFO - ✅ Received 8,489,029 bytes from Tally
2026-04-05 21:36:27,914 - INFO - Starting extraction job 62e0f2b6-b8a4-448e-af2f-6bcdbde95326 | params: {'from_date': '20250401', 'to_date': '20260331', 'port': 9000, 'out_dir': '/home/mayur/Documents/Github/Tally Extractor', 'retries': 3, 'timeout': 60, 'export_dims': [], 'export_facts': []}
2026-04-05 21:36:27,915 - INFO - Fetching 'APIRawVouchers' from Tally for period 20250401 → 20260331
2026-04-05 21:36:27,915 - INFO - Attempt 1/3 …
2026-04-05 21:36:28,863 - INFO - ✅ Received 8,489,029 bytes from Tally
2026-04-05 21:47:50,794 - INFO - XML upload saved to /tmp/tally_xml_566xbkak/upload_7a3b2add59d1411ebe01a56098dd76ca.xml (1035350 bytes)
2026-04-05 21:47:50,800 - INFO - Starting extraction job ff76ac15-8a11-4056-bec1-fe6d910aabd4 | params: {'from_date': None, 'to_date': None, 'port': 9000, 'out_dir': '/home/mayur/Documents/Github/Tally Extractor', 'retries': 3, 'timeout': 60, 'export_dims': [], 'export_facts': [], 'xml_file': '/tmp/tally_xml_566xbkak/upload_7a3b2add59d1411ebe01a56098dd76ca.xml'}
2026-04-05 21:48:11,844 - INFO - XML upload saved to /tmp/tally_xml_4s7iqo3y/upload_52e9185cc43a49ccab1a4b4b0e9821fd.xml (1035350 bytes)
2026-04-05 21:48:11,856 - INFO - Starting extraction job a7b0efa6-63fa-4a61-97e8-70819ecdab34 | params: {'from_date': None, 'to_date': None, 'port': 9000, 'out_dir': '/home/mayur/Documents/Github/Tally Extractor', 'retries': 3, 'timeout': 60, 'export_dims': [], 'export_facts': [], 'xml_file': '/tmp/tally_xml_4s7iqo3y/upload_52e9185cc43a49ccab1a4b4b0e9821fd.xml'}
